// Vitest Snapshot v1, https://vitest.dev/guide/snapshot.html

exports[`ShopChop > should Match screenshot 1`] = `
<div>
  <h1>
    welcome to some shady shop to chop
  </h1>
  <p>
    heres our products
  </p>
  <div
    data-testid="ItemCounter"
  />
  <div
    data-testid="ItemCounter"
  />
  <div
    data-testid="ItemCounter"
  />
  <div
    data-testid="ItemCounter"
  />
  <div
    data-testid="ItemCounter"
  />
  <div
    data-testid="ItemCounter"
  />
</div>
`;
